<?xml version="1.0" encoding="utf-8"?><testsuites name="pytest tests"><testsuite name="pytest" errors="0" failures="0" skipped="0" tests="77" time="0.484" timestamp="2026-05-16T09:58:44.285792+07:00" hostname="Macminimimir.local"><testcase classname="tests.e2e.test_data_isolation.TestDataIsolation" name="test_3_1_prudential_data_isolated_from_axa" time="0.000" /><testcase classname="tests.e2e.test_data_isolation.TestDataIsolation" name="test_3_1_all_insurers_isolated_pairwise" time="0.000" /><testcase classname="tests.e2e.test_data_isolation.TestDataIsolation" name="test_3_2_single_insurer_query_explicit" time="0.000" /><testcase classname="tests.e2e.test_data_isolation.TestDataIsolation" name="test_3_2_cross_insurer_explicit_list" time="0.000" /><testcase classname="tests.e2e.test_data_isolation.TestDataIsolation" name="test_3_2_implicit_cross_insurer_blocked" time="0.000" /><testcase classname="tests.e2e.test_data_isolation.TestDataIsolation" name="test_3_3_mimir_collection_naming" time="0.000" /><testcase classname="tests.e2e.test_data_isolation.TestDataIsolation" name="test_3_3_no_shared_collections" time="0.000" /><testcase classname="tests.e2e.test_data_isolation.TestDataIsolation" name="test_3_4_qdrant_namespace_per_insurer" time="0.000" /><testcase classname="tests.e2e.test_data_isolation.TestDataIsolation" name="test_3_4_namespaces_isolated_in_qdrant" time="0.000" /><testcase classname="tests.e2e.test_data_isolation.TestDataIsolation" name="test_3_5_neo4j_database_naming" time="0.000" /><testcase classname="tests.e2e.test_data_isolation.TestDataIsolation" name="test_3_5_no_shared_databases" time="0.000" /><testcase classname="tests.e2e.test_data_isolation.TestDataIsolation" name="test_complete_isolation_across_all_layers" time="0.000" /><testcase classname="tests.e2e.test_error_handling.TestErrorHandling" name="test_2_1_url_404_not_found" time="0.001" /><testcase classname="tests.e2e.test_error_handling.TestErrorHandling" name="test_2_1_url_connection_timeout" time="0.001" /><testcase classname="tests.e2e.test_error_handling.TestErrorHandling" name="test_2_1_mixed_url_failures" time="0.002" /><testcase classname="tests.e2e.test_error_handling.TestErrorHandling" name="test_2_2_empty_html_page" time="0.001" /><testcase classname="tests.e2e.test_error_handling.TestErrorHandling" name="test_2_2_only_javascript_content" time="0.001" /><testcase classname="tests.e2e.test_error_handling.TestErrorHandling" name="test_2_3_no_urls_provided" time="0.001" /><testcase classname="tests.e2e.test_error_handling.TestErrorHandling" name="test_2_3_empty_insurers_config" time="0.001" /><testcase classname="tests.e2e.test_error_handling.TestErrorHandling" name="test_2_4_mimir_503_service_unavailable" time="0.001" /><testcase classname="tests.e2e.test_error_handling.TestErrorHandling" name="test_2_4_mimir_connection_refused" time="0.000" /><testcase classname="tests.e2e.test_error_handling.TestErrorHandling" name="test_2_5_qdrant_connection_timeout" time="0.300" /><testcase classname="tests.e2e.test_error_handling.TestErrorHandling" name="test_2_6_neo4j_auth_failure" time="0.056" /><testcase classname="tests.e2e.test_error_handling.TestErrorHandling" name="test_2_7_invalid_batch_size" time="0.000" /><testcase classname="tests.e2e.test_error_handling.TestErrorHandling" name="test_2_7_invalid_token_target" time="0.000" /><testcase classname="tests.e2e.test_error_handling.TestErrorHandling" name="test_2_7_missing_mimir_url" time="0.000" /><testcase classname="tests.e2e.test_filtering_and_quality.TestFiltering" name="test_4_1_filter_by_insurer_only" time="0.000" /><testcase classname="tests.e2e.test_filtering_and_quality.TestFiltering" name="test_4_1_filter_by_is_active_only" time="0.000" /><testcase classname="tests.e2e.test_filtering_and_quality.TestFiltering" name="test_4_2_filter_by_insurer_and_product_type" time="0.000" /><testcase classname="tests.e2e.test_filtering_and_quality.TestFiltering" name="test_4_2_filter_by_insurer_product_and_channel" time="0.000" /><testcase classname="tests.e2e.test_filtering_and_quality.TestFiltering" name="test_4_3_filter_by_launch_date_range" time="0.000" /><testcase classname="tests.e2e.test_filtering_and_quality.TestFiltering" name="test_4_3_filter_by_status_enum" time="0.000" /><testcase classname="tests.e2e.test_filtering_and_quality.TestFiltering" name="test_4_4_filter_by_channel_direct" time="0.000" /><testcase classname="tests.e2e.test_filtering_and_quality.TestFiltering" name="test_4_4_filter_by_channel_multi" time="0.000" /><testcase classname="tests.e2e.test_filtering_and_quality.TestDataQuality" name="test_5_1_duplicate_detection_high_similarity" time="0.000" /><testcase classname="tests.e2e.test_filtering_and_quality.TestDataQuality" name="test_5_2_urls_abstracted_in_metadata" time="0.000" /><testcase classname="tests.e2e.test_filtering_and_quality.TestDataQuality" name="test_5_2_company_names_anonymized" time="0.000" /><testcase classname="tests.e2e.test_filtering_and_quality.TestDataQuality" name="test_5_3_all_chunks_have_all_fields" time="0.000" /><testcase classname="tests.e2e.test_filtering_and_quality.TestDataQuality" name="test_5_3_metadata_values_valid" time="0.000" /><testcase classname="tests.e2e.test_filtering_and_quality.TestQueryQuality" name="test_6_1_hit_rate_threshold_english" time="0.000" /><testcase classname="tests.e2e.test_filtering_and_quality.TestQueryQuality" name="test_6_1_hit_rate_threshold_thai" time="0.000" /><testcase classname="tests.e2e.test_filtering_and_quality.TestQueryQuality" name="test_6_2_query_latency_under_500ms" time="0.000" /><testcase classname="tests.e2e.test_filtering_and_quality.TestQueryQuality" name="test_6_2_batch_query_latency" time="0.000" /><testcase classname="tests.e2e.test_filtering_and_quality.TestQueryQuality" name="test_6_3_top_results_are_relevant" time="0.000" /><testcase classname="tests.e2e.test_filtering_and_quality.TestQueryQuality" name="test_6_3_relevance_score_distribution" time="0.000" /><testcase classname="tests.e2e.test_happy_path.TestHappyPath" name="test_1_1_single_insurer_full_pipeline" time="0.001" /><testcase classname="tests.e2e.test_happy_path.TestHappyPath" name="test_1_1_chunks_have_complete_metadata" time="0.000" /><testcase classname="tests.e2e.test_happy_path.TestHappyPath" name="test_1_2_multi_insurer_extraction" time="0.001" /><testcase classname="tests.e2e.test_happy_path.TestHappyPath" name="test_1_2_insurers_not_mixed" time="0.000" /><testcase classname="tests.e2e.test_happy_path.TestHappyPath" name="test_1_3_product_type_classification_health" time="0.000" /><testcase classname="tests.e2e.test_happy_path.TestHappyPath" name="test_1_3_product_type_classification_life" time="0.000" /><testcase classname="tests.e2e.test_happy_path.TestHappyPath" name="test_1_3_channel_classification_direct" time="0.000" /><testcase classname="tests.e2e.test_happy_path.TestHappyPath" name="test_1_3_product_name_extracted" time="0.000" /><testcase classname="tests.e2e.test_happy_path.TestHappyPath" name="test_1_4_product_launch_date_present" time="0.000" /><testcase classname="tests.e2e.test_happy_path.TestHappyPath" name="test_1_4_product_version_tracked" time="0.000" /><testcase classname="tests.e2e.test_happy_path.TestHappyPath" name="test_1_4_is_active_computed" time="0.000" /><testcase classname="tests.e2e.test_happy_path.TestHappyPath" name="test_1_4_status_enum_correct" time="0.000" /><testcase classname="tests.e2e.test_happy_path.TestHappyPath" name="test_1_4_discontinued_product_status" time="0.000" /><testcase classname="tests.e2e.test_happy_path.TestHappyPath" name="test_1_5_thai_content_extracted" time="0.000" /><testcase classname="tests.e2e.test_happy_path.TestHappyPath" name="test_1_5_thai_product_name" time="0.000" /><testcase classname="tests.e2e.test_happy_path.TestHappyPath" name="test_1_5_thai_metadata_fields_present" time="0.000" /><testcase classname="tests.e2e.test_happy_path.TestHappyPath" name="test_all_chunks_have_required_fields" time="0.000" /><testcase classname="tests.e2e.test_happy_path.TestHappyPath" name="test_chunks_are_serializable_to_jsonl" time="0.000" /><testcase classname="tests.e2e.test_metadata_updates.TestMetadataUpdates" name="test_7_1_update_single_chunk_launch_date" time="0.000" /><testcase classname="tests.e2e.test_metadata_updates.TestMetadataUpdates" name="test_7_1_update_chunk_status_active_to_sunset" time="0.000" /><testcase classname="tests.e2e.test_metadata_updates.TestMetadataUpdates" name="test_7_1_update_chunk_channel" time="0.000" /><testcase classname="tests.e2e.test_metadata_updates.TestMetadataUpdates" name="test_7_1_consistency_across_layers" time="0.000" /><testcase classname="tests.e2e.test_metadata_updates.TestMetadataUpdates" name="test_7_2_batch_update_by_insurer_and_type" time="0.000" /><testcase classname="tests.e2e.test_metadata_updates.TestMetadataUpdates" name="test_7_2_batch_update_by_channel" time="0.000" /><testcase classname="tests.e2e.test_metadata_updates.TestMetadataUpdates" name="test_7_2_partial_failure_handling" time="0.000" /><testcase classname="tests.e2e.test_metadata_updates.TestMetadataUpdates" name="test_7_3_lifecycle_active_to_sunset" time="0.000" /><testcase classname="tests.e2e.test_metadata_updates.TestMetadataUpdates" name="test_7_3_lifecycle_sunset_to_discontinued" time="0.000" /><testcase classname="tests.e2e.test_metadata_updates.TestMetadataUpdates" name="test_7_3_lifecycle_active_to_archived" time="0.000" /><testcase classname="tests.e2e.test_metadata_updates.TestMetadataUpdates" name="test_7_3_lifecycle_planned_to_active" time="0.000" /><testcase classname="tests.e2e.test_metadata_updates.TestMetadataUpdates" name="test_atomic_update_mimir_qdrant_neo4j" time="0.000" /><testcase classname="tests.e2e.test_metadata_updates.TestMetadataUpdates" name="test_rollback_on_failure" time="0.000" /><testcase classname="tests.e2e.test_metadata_updates.TestMetadataUpdates" name="test_metadata_update_audit_log" time="0.000" /></testsuite></testsuites>